================================================================================
TESTING CLASSWORK GRAPH WITH LLM-BASED INTENT CLASSIFICATION
================================================================================


================================================================================
TEST 1: Show me CSE students with attendance below 75%
================================================================================

[1] Academic NLQ Entry: Received query 'Show me CSE students with attendance below 75%'
[2] Query Normalizer: Normalizing 'Show me CSE students with attendance below 75%'
    -> Normalized: 'show me cse students with attendanceendance below 75%'
[3] Schema & Intent Mapper: Mapping 'show me cse students with attendanceendance below 75%'
    -> LLM Response: {
  "metrics": ["attendance_pct"],
  "filters": {
    "branch": "CSE"
  },
  "comparisons": {
    "attendance_pct": {"op": "lt", "value": 75}
  }
}...
    -> Extracted Intent: {'metrics': ['attendance_pct'], 'filters': {'branch': 'CSE'}, 'comparisons': {'attendance_pct': {'op': 'lt', 'value': 75}}, 'sort_by': None, 'sort_order': 'desc'}
[4] Query Planner: Building plan for {'metrics': ['attendance_pct'], 'filters': {'branch': 'CSE'}, 'comparisons': {'attendance_pct': {'op': 'lt', 'value': 75}}, 'sort_by': None, 'sort_order': 'desc'}
    -> Plan: {'datasets': ['student_metadata'], 'operations': []}
[5] Data Fetcher: Fetching datasets ['student_metadata']
    -> Loaded 30 records from Excel
[6] Aggregation Engine: Processing 30 records
    -> 2 records remaining after filtering
[7] Insight Generator: Analyzing data
[8] Response Formatter: Formatting output
poetry : Traceback (most 
recent call last):
At line:1 char:1
+ poetry run python 
test_classwork_llm.py > 
test_output.txt 2>&1
+ ~~~~~~~~~~~~~~~~~~~~~~~
~~~~~~~~~~~~~~~~~~~~~~~~~
~~~~~~~~~~~~~~
    + CategoryInfo       
       : NotSpecified:   
  (Traceback (most rec   
 ent call last)::Stri    
ng) [], RemoteExcept    
ion
    + FullyQualifiedErro 
   rId : NativeCommandE  
  rror
 
  File "C:\Users\Work\cod
e\vnr-ace-backend\test_cl
asswork_llm.py", line 
42, in 
test_classwork_graph
    print("\n\u2705 
SUCCESS")
  File "C:\Users\Work\App
Data\Local\Programs\Pytho
n\Python311\Lib\encodings
\cp1252.py", line 19, in 
encode
    return codecs.charmap
_encode(input,self.errors
,encoding_table)[0]
           ^^^^^^^^^^^^^^
^^^^^^^^^^^^^^^^^^^^^^^^^
^^^^^^^^^^^^^^^^
UnicodeEncodeError: 
'charmap' codec can't 
encode character 
'\u2705' in position 2: 
character maps to 
<undefined>

During handling of the 
above exception, another 
exception occurred:

Traceback (most recent 
call last):
  File "C:\Users\Work\cod
e\vnr-ace-backend\test_cl
asswork_llm.py", line 
52, in <module>
    asyncio.run(test_clas
swork_graph())
  File "C:\Users\Work\App
Data\Local\Programs\Pytho
n\Python311\Lib\asyncio\r
unners.py", line 190, in 
run
    return 
runner.run(main)
           
^^^^^^^^^^^^^^^^
  File "C:\Users\Work\App
Data\Local\Programs\Pytho
n\Python311\Lib\asyncio\r
unners.py", line 118, in 
run
    return self._loop.run
_until_complete(task)
           ^^^^^^^^^^^^^^
^^^^^^^^^^^^^^^^^^^^^
  File "C:\Users\Work\App
Data\Local\Programs\Pytho
n\Python311\Lib\asyncio\b
ase_events.py", line 
650, in 
run_until_complete
    return 
future.result()
           
^^^^^^^^^^^^^^^
  File "C:\Users\Work\cod
e\vnr-ace-backend\test_cl
asswork_llm.py", line 
47, in 
test_classwork_graph
    print(f"\n\u274c 
ERROR: {e}")
  File "C:\Users\Work\App
Data\Local\Programs\Pytho
n\Python311\Lib\encodings
\cp1252.py", line 19, in 
encode
    return codecs.charmap
_encode(input,self.errors
,encoding_table)[0]
           ^^^^^^^^^^^^^^
^^^^^^^^^^^^^^^^^^^^^^^^^
^^^^^^^^^^^^^^^^
UnicodeEncodeError: 
'charmap' codec can't 
encode character 
'\u274c' in position 2: 
character maps to 
<undefined>
